Analyzing powertaxi...

  error - lib\screen\taxi_meter_screen.dart:428:45 - The method 'PauseMeter' isn't defined for the type '_TaxiMeterScreenState'. Try correcting the name to the name of an existing method, or defining a method named 'PauseMeter'. - undefined_method
  error - lib\screen\taxi_meter_screen.dart:446:49 - The method 'StartMeter' isn't defined for the type '_TaxiMeterScreenState'. Try correcting the name to the name of an existing method, or defining a method named 'StartMeter'. - undefined_method
  error - lib\screen\taxi_meter_screen.dart:462:49 - The method 'StopMeter' isn't defined for the type '_TaxiMeterScreenState'. Try correcting the name to the name of an existing method, or defining a method named 'StopMeter'. - undefined_method
  error - lib\screen\taxi_meter_screen.dart:517:43 - The method 'StartMeter' isn't defined for the type '_TaxiMeterScreenState'. Try correcting the name to the name of an existing method, or defining a method named 'StartMeter'. - undefined_method
  error - lib\screen\taxi_meter_screen.dart:542:25 - The getter 'waitingSeconds' isn't defined for the type 'TaxiMeterState'. Try importing the library that defines 'waitingSeconds', correcting the name to the name of an existing getter, or defining a getter or field named 'waitingSeconds'. - undefined_getter
warning - lib\main.dart:95:21 - The value of the local variable 'prefs' isn't used. Try removing the variable or using it. - unused_local_variable
   info - lib\bloc\print\x_reading.dart:22:11 - An uninitialized variable should have an explicit type annotation. Try adding a type annotation. - prefer_typing_uninitialized_variables
   info - lib\bloc\print\x_reading.dart:39:7 - Don't invoke 'print' in production code. Try using a logging framework. - avoid_print
   info - lib\bloc\print\z_reading.dart:76:5 - Don't invoke 'print' in production code. Try using a logging framework. - avoid_print
   info - lib\bloc\taxi_meter\taxi_meter_bloc.dart:432:7 - Don't invoke 'print' in production code. Try using a logging framework. - avoid_print
   info - lib\bloc\taxi_meter\taxi_meter_bloc.dart:452:7 - Don't invoke 'print' in production code. Try using a logging framework. - avoid_print
   info - lib\bloc\taxi_meter\taxi_meter_bloc.dart:454:7 - Don't invoke 'print' in production code. Try using a logging framework. - avoid_print
   info - lib\bloc\taxi_meter\taxi_meter_event.dart:82:3 - Constructors in '@immutable' classes should be declared as 'const'. Try adding 'const' to the constructor declaration. - prefer_const_constructors_in_immutables
   info - lib\bloc\taxi_meter\taxi_meter_state.dart:62:9 - Parameters ''fare', 'elapsedSeconds', 'distanceMeters', 'rideId', 'showSettings', 'activeSettingsTab', and 'is80mmPrinter'' could be super parameters. Trying converting ''fare', 'elapsedSeconds', 'distanceMeters', 'rideId', 'showSettings', 'activeSettingsTab', and 'is80mmPrinter'' to super parameters. - use_super_parameters
   info - lib\bloc\taxi_meter\taxi_meter_state.dart:82:9 - Parameters ''fare', 'elapsedSeconds', 'distanceMeters', 'rideId', 'showSettings', 'activeSettingsTab', 'zReadingPerformed', and 'is80mmPrinter'' could be super parameters. Trying converting ''fare', 'elapsedSeconds', 'distanceMeters', 'rideId', 'showSettings', 'activeSettingsTab', 'zReadingPerformed', and 'is80mmPrinter'' to super parameters. - use_super_parameters
   info - lib\bloc\taxi_meter\taxi_meter_state.dart:110:9 - Parameters ''fare', 'seconds', 'distance', 'rideId', 'showSettings', 'activeSettingsTab', and 'is80mmPrinter'' could be super parameters. Trying converting ''fare', 'seconds', 'distance', 'rideId', 'showSettings', 'activeSettingsTab', and 'is80mmPrinter'' to super parameters. - use_super_parameters
   info - lib\core\database_helper.dart:2:8 - The imported package 'path' isn't a dependency of the importing package. Try adding a dependency for 'path' in the 'pubspec.yaml' file. - depend_on_referenced_packages
   info - lib\repository\firebase_ride_repository.dart:45:9 - Don't invoke 'print' in production code. Try using a logging framework. - avoid_print
   info - lib\repository\firebase_ride_repository.dart:97:9 - Don't invoke 'print' in production code. Try using a logging framework. - avoid_print
   info - lib\repository\firebase_ride_repository.dart:110:11 - Don't invoke 'print' in production code. Try using a logging framework. - avoid_print
   info - lib\repository\firebase_ride_repository.dart:114:7 - Don't invoke 'print' in production code. Try using a logging framework. - avoid_print
   info - lib\repository\firebase_ride_repository.dart:127:9 - Don't invoke 'print' in production code. Try using a logging framework. - avoid_print
   info - lib\repository\firebase_ride_repository.dart:159:5 - Don't invoke 'print' in production code. Try using a logging framework. - avoid_print
   info - lib\repository\firebase_ride_repository.dart:180:9 - Don't invoke 'print' in production code. Try using a logging framework. - avoid_print
   info - lib\repository\firebase_ride_repository.dart:182:9 - Don't invoke 'print' in production code. Try using a logging framework. - avoid_print
   info - lib\screen\admin\admin_dashboard_screen.dart:44:28 - Don't use 'BuildContext's across async gaps. Try rewriting the code to not use the 'BuildContext', or guard the use with a 'mounted' check. - use_build_context_synchronously
   info - lib\screen\admin\admin_dashboard_screen.dart:81:28 - Don't use 'BuildContext's across async gaps. Try rewriting the code to not use the 'BuildContext', or guard the use with a 'mounted' check. - use_build_context_synchronously
   info - lib\screen\admin\admin_dashboard_screen.dart:158:78 - 'withOpacity' is deprecated and shouldn't be used. Use .withValues() to avoid precision loss. Try replacing the use of the deprecated member with the replacement. - deprecated_member_use
   info - lib\screen\admin\admin_dashboard_screen.dart:263:86 - 'withOpacity' is deprecated and shouldn't be used. Use .withValues() to avoid precision loss. Try replacing the use of the deprecated member with the replacement. - deprecated_member_use
   info - lib\screen\login\log_in_screen.dart:34:65 - 'withOpacity' is deprecated and shouldn't be used. Use .withValues() to avoid precision loss. Try replacing the use of the deprecated member with the replacement. - deprecated_member_use
   info - lib\screen\login\log_in_screen.dart:37:39 - 'withOpacity' is deprecated and shouldn't be used. Use .withValues() to avoid precision loss. Try replacing the use of the deprecated member with the replacement. - deprecated_member_use
   info - lib\screen\login\log_in_screen.dart:63:54 - 'withOpacity' is deprecated and shouldn't be used. Use .withValues() to avoid precision loss. Try replacing the use of the deprecated member with the replacement. - deprecated_member_use
   info - lib\screen\login\log_in_screen.dart:78:47 - 'withOpacity' is deprecated and shouldn't be used. Use .withValues() to avoid precision loss. Try replacing the use of the deprecated member with the replacement. - deprecated_member_use
   info - lib\screen\login\log_in_screen.dart:96:47 - 'withOpacity' is deprecated and shouldn't be used. Use .withValues() to avoid precision loss. Try replacing the use of the deprecated member with the replacement. - deprecated_member_use
   info - lib\screen\login\log_in_screen.dart:119:62 - 'withOpacity' is deprecated and shouldn't be used. Use .withValues() to avoid precision loss. Try replacing the use of the deprecated member with the replacement. - deprecated_member_use
   info - lib\screen\taxi_meter_screen.dart:12:9 - Parameter 'key' could be a super parameter. Trying converting 'key' to a super parameter. - use_super_parameters
   info - lib\screen\taxi_meter_screen.dart:110:9 - Don't use 'BuildContext's across async gaps, guarded by an unrelated 'mounted' check. Guard a 'State.context' use with a 'mounted' check on the State, and other BuildContext use with a 'mounted' check on the BuildContext. - use_build_context_synchronously
   info - lib\screen\taxi_meter_screen.dart:289:32 - Statements in an if should be enclosed in a block. Try wrapping the statement in a block. - curly_braces_in_flow_control_structures
   info - lib\screen\taxi_meter_screen.dart:290:36 - Statements in an if should be enclosed in a block. Try wrapping the statement in a block. - curly_braces_in_flow_control_structures
   info - lib\screen\taxi_meter_screen.dart:314:31 - 'withOpacity' is deprecated and shouldn't be used. Use .withValues() to avoid precision loss. Try replacing the use of the deprecated member with the replacement. - deprecated_member_use
   info - lib\screen\taxi_meter_screen.dart:525:34 - 'withOpacity' is deprecated and shouldn't be used. Use .withValues() to avoid precision loss. Try replacing the use of the deprecated member with the replacement. - deprecated_member_use
   info - lib\screen\taxi_meter_screen.dart:589:38 - 'withOpacity' is deprecated and shouldn't be used. Use .withValues() to avoid precision loss. Try replacing the use of the deprecated member with the replacement. - deprecated_member_use
   info - lib\widgets\left_dashboard\left_dashboard.dart:14:10 - The local variable '_formatTime' starts with an underscore. Try renaming the variable to not start with an underscore. - no_leading_underscores_for_local_identifiers
   info - lib\widgets\receipt_sunmi\receipt_show_dialog.dart:10:9 - Parameter 'key' could be a super parameter. Trying converting 'key' to a super parameter. - use_super_parameters
   info - lib\widgets\rightsidebar\rightsidebar.dart:52:19 - Don't invoke 'print' in production code. Try using a logging framework. - avoid_print
   info - lib\widgets\rightsidebar\rightsidebar.dart:179:45 - 'withOpacity' is deprecated and shouldn't be used. Use .withValues() to avoid precision loss. Try replacing the use of the deprecated member with the replacement. - deprecated_member_use
   info - lib\widgets\rightsidebar\rightsidebar.dart:472:32 - 'withOpacity' is deprecated and shouldn't be used. Use .withValues() to avoid precision loss. Try replacing the use of the deprecated member with the replacement. - deprecated_member_use
   info - lib\widgets\rightsidebar\rightsidebar.dart:940:59 - 'withOpacity' is deprecated and shouldn't be used. Use .withValues() to avoid precision loss. Try replacing the use of the deprecated member with the replacement. - deprecated_member_use
   info - lib\widgets\rightsidebar\rightsidebar.dart:991:22 - Unnecessary use of 'toList' in a spread. Try removing the invocation of 'toList'. - unnecessary_to_list_in_spreads
   info - lib\widgets\settings_overlay\settings_overlay.dart:35:37 - 'withOpacity' is deprecated and shouldn't be used. Use .withValues() to avoid precision loss. Try replacing the use of the deprecated member with the replacement. - deprecated_member_use
   info - lib\widgets\settings_overlay\settings_overlay.dart:356:28 - Don't invoke 'print' in production code. Try using a logging framework. - avoid_print
   info - lib\widgets\settings_overlay\settings_overlay.dart:367:28 - Don't invoke 'print' in production code. Try using a logging framework. - avoid_print
   info - lib\widgets\settings_overlay\settings_overlay.dart:698:7 - Don't invoke 'print' in production code. Try using a logging framework. - avoid_print

53 issues found.
